
* ERROR IN  ./data-processed/OliverWyman-Navigator/
METADATA_ERROR: Type 'scalar' has size of '254', greater than max limit '200'. Path: '/methods'

* ERROR IN  ./data-processed/CU-nochange/
METADATA_ERROR: Cannot find required key 'website_url'. Path: ''
METADATA_ERROR: Cannot find required key 'license'. Path: ''
METADATA_ERROR: Cannot find required key 'team_model_designation'. Path: ''
METADATA_ERROR: Key 'team_contact' was not defined. Path: ''
METADATA_ERROR: Key 'team_experience' was not defined. Path: ''
METADATA_ERROR: Key 'model_output' was not defined. Path: ''
METADATA_ERROR: Key 'model_repo' was not defined. Path: ''
METADATA_ERROR: Key 'model_targets' was not defined. Path: ''
METADATA_ERROR: Key 'target_loc' was not defined. Path: ''
METADATA_ERROR: Key 'Time_horizon' was not defined. Path: ''
METADATA_ERROR: Key 'Data_format' was not defined. Path: ''
METADATA_ERROR: Key 'forecast_startdate' was not defined. Path: ''
METADATA_ERROR: Key 'forecast_frequency' was not defined. Path: ''
METADATA_ERROR: Key 'data_inputs_known' was not defined. Path: ''
METADATA_ERROR: Key 'data_source_known' was not defined. Path: ''
METADATA_ERROR: Key 'this_model_is_unconditional' was not defined. Path: ''
METADATA_ERROR: Key 'Citation' was not defined. Path: ''

* ERROR IN  ./data-processed/Covid19Sim-Simulator/
METADATA_ERROR: Key 'institutional_affil' was not defined. Path: ''

* ERROR IN  ./data-processed/GT-DeepCOVID/
METADATA_ERROR: required.novalue : '/license'
METADATA ERROR: ./data-processed/GT-DeepCOVID/metadata-GT-DeepCOVID.txt 'license' field must be in `./code/validations/accepted-licenses.csv` 'license' column ''

* ERROR IN  ./data-processed/CU-80contact1x10p/
METADATA_ERROR: Cannot find required key 'website_url'. Path: ''
METADATA_ERROR: Cannot find required key 'license'. Path: ''
METADATA_ERROR: Cannot find required key 'team_model_designation'. Path: ''
METADATA_ERROR: Key 'team_contact' was not defined. Path: ''
METADATA_ERROR: Key 'team_experience' was not defined. Path: ''
METADATA_ERROR: Key 'model_output' was not defined. Path: ''
METADATA_ERROR: Key 'model_repo' was not defined. Path: ''
METADATA_ERROR: Key 'model_targets' was not defined. Path: ''
METADATA_ERROR: Key 'target_loc' was not defined. Path: ''
METADATA_ERROR: Key 'Time_horizon' was not defined. Path: ''
METADATA_ERROR: Key 'Data_format' was not defined. Path: ''
METADATA_ERROR: Key 'forecast_startdate' was not defined. Path: ''
METADATA_ERROR: Key 'forecast_frequency' was not defined. Path: ''
METADATA_ERROR: Key 'data_inputs_known' was not defined. Path: ''
METADATA_ERROR: Key 'data_source_known' was not defined. Path: ''
METADATA_ERROR: Key 'this_model_is_unconditional' was not defined. Path: ''
METADATA_ERROR: Type 'scalar' has size of '426', greater than max limit '200'. Path: '/methods'
METADATA_ERROR: Key 'Citation' was not defined. Path: ''

* ERROR IN  ./data-processed/CU-scenario_mid/
METADATA_ERROR: Cannot find required key 'website_url'. Path: ''
METADATA_ERROR: Cannot find required key 'license'. Path: ''
METADATA_ERROR: Cannot find required key 'team_model_designation'. Path: ''
METADATA_ERROR: Key 'team_contact' was not defined. Path: ''
METADATA_ERROR: Key 'team_experience' was not defined. Path: ''
METADATA_ERROR: Key 'model_output' was not defined. Path: ''
METADATA_ERROR: Key 'model_repo' was not defined. Path: ''
METADATA_ERROR: Key 'model_targets' was not defined. Path: ''
METADATA_ERROR: Key 'target_loc' was not defined. Path: ''
METADATA_ERROR: Key 'Time_horizon' was not defined. Path: ''
METADATA_ERROR: Key 'Data_format' was not defined. Path: ''
METADATA_ERROR: Key 'forecast_startdate' was not defined. Path: ''
METADATA_ERROR: Key 'forecast_frequency' was not defined. Path: ''
METADATA_ERROR: Key 'data_inputs_known' was not defined. Path: ''
METADATA_ERROR: Key 'data_source_known' was not defined. Path: ''
METADATA_ERROR: Key 'this_model_is_unconditional' was not defined. Path: ''
METADATA_ERROR: Type 'scalar' has size of '262', greater than max limit '200'. Path: '/methods'
METADATA_ERROR: Key 'Citation' was not defined. Path: ''

* ERROR IN  ./data-processed/USACE-ERDC_SEIR/
METADATA_ERROR: Cannot find required key 'website_url'. Path: ''
METADATA_ERROR: Cannot find required key 'license'. Path: ''
METADATA_ERROR: Cannot find required key 'team_model_designation'. Path: ''
METADATA_ERROR: Key 'team_contact' was not defined. Path: ''
METADATA_ERROR: Key 'team_experience' was not defined. Path: ''
METADATA_ERROR: Key 'model_output' was not defined. Path: ''
METADATA_ERROR: Key 'model_repo' was not defined. Path: ''
METADATA_ERROR: Key 'Target_loc' was not defined. Path: ''
METADATA_ERROR: Key 'Time_horizon' was not defined. Path: ''
METADATA_ERROR: Key 'forecast_startdate' was not defined. Path: ''
METADATA_ERROR: Key 'forecasst_frequency' was not defined. Path: ''
METADATA_ERROR: Key 'data_source1' was not defined. Path: ''
METADATA_ERROR: Key 'data_source2' was not defined. Path: ''
METADATA_ERROR: Key 'this_model_is_unconditional' was not defined. Path: ''
METADATA_ERROR: Type 'scalar' has size of '255', greater than max limit '200'. Path: '/methods'
METADATA_ERROR: Value 'In preparation' does not match pattern '((http|https)\:\/\/)?[a-zA-Z0-9\.\/\?\:@\-_=#]+\.([a-zA-Z]){2,6}([a-zA-Z0-9\.\&\/\?\:@\-_=#])*'. Path: '/citation'

* ERROR IN  ./data-processed/CU-nointerv/
METADATA_ERROR: Cannot find required key 'website_url'. Path: ''
METADATA_ERROR: Cannot find required key 'license'. Path: ''
METADATA_ERROR: Cannot find required key 'team_model_designation'. Path: ''
METADATA_ERROR: Key 'team_contact' was not defined. Path: ''
METADATA_ERROR: Key 'team_experience' was not defined. Path: ''
METADATA_ERROR: Key 'model_output' was not defined. Path: ''
METADATA_ERROR: Key 'model_repo' was not defined. Path: ''
METADATA_ERROR: Key 'model_targets' was not defined. Path: ''
METADATA_ERROR: Key 'target_loc' was not defined. Path: ''
METADATA_ERROR: Key 'Time_horizon' was not defined. Path: ''
METADATA_ERROR: Key 'Data_format' was not defined. Path: ''
METADATA_ERROR: Key 'forecast_startdate' was not defined. Path: ''
METADATA_ERROR: Key 'forecast_frequency' was not defined. Path: ''
METADATA_ERROR: Key 'data_inputs_known' was not defined. Path: ''
METADATA_ERROR: Key 'data_source_known' was not defined. Path: ''
METADATA_ERROR: Key 'this_model_is_unconditional' was not defined. Path: ''
METADATA_ERROR: Type 'scalar' has size of '324', greater than max limit '200'. Path: '/methods'
METADATA_ERROR: Key 'Citation' was not defined. Path: ''

* ERROR IN  ./data-processed/CU-80contactw10p/
METADATA_ERROR: Cannot find required key 'website_url'. Path: ''
METADATA_ERROR: Cannot find required key 'license'. Path: ''
METADATA_ERROR: Cannot find required key 'team_model_designation'. Path: ''
METADATA_ERROR: Key 'team_contact' was not defined. Path: ''
METADATA_ERROR: Key 'team_experience' was not defined. Path: ''
METADATA_ERROR: Key 'model_output' was not defined. Path: ''
METADATA_ERROR: Key 'model_repo' was not defined. Path: ''
METADATA_ERROR: Key 'model_targets' was not defined. Path: ''
METADATA_ERROR: Key 'target_loc' was not defined. Path: ''
METADATA_ERROR: Key 'Time_horizon' was not defined. Path: ''
METADATA_ERROR: Key 'Data_format' was not defined. Path: ''
METADATA_ERROR: Key 'forecast_startdate' was not defined. Path: ''
METADATA_ERROR: Key 'forecast_frequency' was not defined. Path: ''
METADATA_ERROR: Key 'data_inputs_known' was not defined. Path: ''
METADATA_ERROR: Key 'data_source_known' was not defined. Path: ''
METADATA_ERROR: Key 'this_model_is_unconditional' was not defined. Path: ''
METADATA_ERROR: Type 'scalar' has size of '424', greater than max limit '200'. Path: '/methods'
METADATA_ERROR: Key 'Citation' was not defined. Path: ''

* ERROR IN  ./data-processed/SWC-TerminusCM/
METADATA_ERROR: Cannot find required key 'website_url'. Path: ''
METADATA_ERROR: Cannot find required key 'license'. Path: ''

* ERROR IN  ./data-processed/CU-60contact/
METADATA_ERROR: Cannot find required key 'website_url'. Path: ''
METADATA_ERROR: Cannot find required key 'license'. Path: ''
METADATA_ERROR: Cannot find required key 'team_model_designation'. Path: ''
METADATA_ERROR: Key 'team_contact' was not defined. Path: ''
METADATA_ERROR: Key 'team_experience' was not defined. Path: ''
METADATA_ERROR: Key 'model_output' was not defined. Path: ''
METADATA_ERROR: Key 'model_repo' was not defined. Path: ''
METADATA_ERROR: Key 'model_targets' was not defined. Path: ''
METADATA_ERROR: Key 'target_loc' was not defined. Path: ''
METADATA_ERROR: Key 'Time_horizon' was not defined. Path: ''
METADATA_ERROR: Key 'Data_format' was not defined. Path: ''
METADATA_ERROR: Key 'forecast_startdate' was not defined. Path: ''
METADATA_ERROR: Key 'forecast_frequency' was not defined. Path: ''
METADATA_ERROR: Key 'data_inputs_known' was not defined. Path: ''
METADATA_ERROR: Key 'data_source_known' was not defined. Path: ''
METADATA_ERROR: Key 'this_model_is_unconditional' was not defined. Path: ''
METADATA_ERROR: Type 'scalar' has size of '291', greater than max limit '200'. Path: '/methods'
METADATA_ERROR: Key 'Citation' was not defined. Path: ''

* ERROR IN  ./data-processed/CU-scenario_low/
METADATA_ERROR: Cannot find required key 'website_url'. Path: ''
METADATA_ERROR: Cannot find required key 'license'. Path: ''
METADATA_ERROR: Cannot find required key 'team_model_designation'. Path: ''
METADATA_ERROR: Key 'team_contact' was not defined. Path: ''
METADATA_ERROR: Key 'team_experience' was not defined. Path: ''
METADATA_ERROR: Key 'model_output' was not defined. Path: ''
METADATA_ERROR: Key 'model_repo' was not defined. Path: ''
METADATA_ERROR: Key 'model_targets' was not defined. Path: ''
METADATA_ERROR: Key 'target_loc' was not defined. Path: ''
METADATA_ERROR: Key 'Time_horizon' was not defined. Path: ''
METADATA_ERROR: Key 'Data_format' was not defined. Path: ''
METADATA_ERROR: Key 'forecast_startdate' was not defined. Path: ''
METADATA_ERROR: Key 'forecast_frequency' was not defined. Path: ''
METADATA_ERROR: Key 'data_inputs_known' was not defined. Path: ''
METADATA_ERROR: Key 'data_source_known' was not defined. Path: ''
METADATA_ERROR: Key 'this_model_is_unconditional' was not defined. Path: ''
METADATA_ERROR: Type 'scalar' has size of '466', greater than max limit '200'. Path: '/methods'
METADATA_ERROR: Key 'Citation' was not defined. Path: ''

* ERROR IN  ./data-processed/UA-EpiCovDA/
METADATA_ERROR: Type 'scalar' has size of '487', greater than max limit '200'. Path: '/methods'

* ERROR IN  ./data-processed/UT-Mobility/
METADATA_ERROR: Cannot find required key 'website_url'. Path: ''
METADATA_ERROR: Cannot find required key 'license'. Path: ''
METADATA_ERROR: Cannot find required key 'team_model_designation'. Path: ''
METADATA_ERROR: Key 'team_contact' was not defined. Path: ''
METADATA_ERROR: Key 'team_experience' was not defined. Path: ''
METADATA_ERROR: Key 'model_output' was not defined. Path: ''
METADATA_ERROR: Key 'model_targets' was not defined. Path: ''
METADATA_ERROR: Key 'target_loc' was not defined. Path: ''
METADATA_ERROR: Key 'Time_horizon' was not defined. Path: ''
METADATA_ERROR: Key 'Data_format' was not defined. Path: ''
METADATA_ERROR: Key 'forecast_startdate' was not defined. Path: ''
METADATA_ERROR: Key 'forecast_frequency' was not defined. Path: ''
METADATA_ERROR: Key 'data_source_known' was not defined. Path: ''
METADATA_ERROR: Key 'this_model_is_unconditional' was not defined. Path: ''
METADATA_ERROR: Type 'scalar' has size of '662', greater than max limit '200'. Path: '/methods'

* ERROR IN  ./data-processed/Quantori-Multiagents/
METADATA ERROR: Metadata YAML Fromat Error for ./data-processed/Quantori-Multiagents/metadata-Quantori-Multiagents.txt file.                     
Common fixes (if parse error message is unclear):                    
* Try converting all tabs to spaces                     
* Try copying the example metadata file and follow formatting closely                     
 Parse Error Message:
while scanning a simple key
  in "./data-processed/Quantori-Multiagents/metadata-Quantori-Multiagents.txt", line 7, column 1
could not find expected ':'
  in "./data-processed/Quantori-Multiagents/metadata-Quantori-Multiagents.txt", line 9, column 1 


* ERROR IN  ./data-processed/UCLA-SuEIR/
METADATA_ERROR: Cannot find required key 'website_url'. Path: ''
METADATA_ERROR: Cannot find required key 'license'. Path: ''
METADATA_ERROR: Cannot find required key 'team_model_designation'. Path: ''
METADATA_ERROR: Key 'team_experience' was not defined. Path: ''
METADATA_ERROR: Key 'model_output' was not defined. Path: ''
METADATA_ERROR: Key 'model_repo' was not defined. Path: ''
METADATA_ERROR: Key 'Model_targets' was not defined. Path: ''
METADATA_ERROR: Key 'Target_loc' was not defined. Path: ''
METADATA_ERROR: Key 'time_horizon' was not defined. Path: ''
METADATA_ERROR: Key 'Data_format' was not defined. Path: ''
METADATA_ERROR: Key 'forecast_startdate' was not defined. Path: ''
METADATA_ERROR: Key 'forecast_frequency' was not defined. Path: ''
METADATA_ERROR: Key 'data_inputs_known' was not defined. Path: ''
METADATA_ERROR: Key 'data_source_known' was not defined. Path: ''
METADATA_ERROR: Key 'this_model_is_unconditional' was not defined. Path: ''
METADATA_ERROR: Type 'scalar' has size of '205', greater than max limit '200'. Path: '/methods'

* ERROR IN  ./data-processed/CU-scenario_high/
METADATA_ERROR: Cannot find required key 'website_url'. Path: ''
METADATA_ERROR: Cannot find required key 'license'. Path: ''
METADATA_ERROR: Cannot find required key 'team_model_designation'. Path: ''
METADATA_ERROR: Key 'team_contact' was not defined. Path: ''
METADATA_ERROR: Key 'team_experience' was not defined. Path: ''
METADATA_ERROR: Key 'model_output' was not defined. Path: ''
METADATA_ERROR: Key 'model_repo' was not defined. Path: ''
METADATA_ERROR: Key 'model_targets' was not defined. Path: ''
METADATA_ERROR: Key 'target_loc' was not defined. Path: ''
METADATA_ERROR: Key 'Time_horizon' was not defined. Path: ''
METADATA_ERROR: Key 'Data_format' was not defined. Path: ''
METADATA_ERROR: Key 'forecast_startdate' was not defined. Path: ''
METADATA_ERROR: Key 'forecast_frequency' was not defined. Path: ''
METADATA_ERROR: Key 'data_inputs_known' was not defined. Path: ''
METADATA_ERROR: Key 'data_source_known' was not defined. Path: ''
METADATA_ERROR: Key 'this_model_is_unconditional' was not defined. Path: ''
METADATA_ERROR: Type 'scalar' has size of '464', greater than max limit '200'. Path: '/methods'
METADATA_ERROR: Key 'Citation' was not defined. Path: ''

* ERROR IN  ./data-processed/YYG-ParamSearch/
METADATA_ERROR: Cannot find required key 'website_url'. Path: ''
METADATA_ERROR: Cannot find required key 'license'. Path: ''
METADATA_ERROR: Cannot find required key 'team_model_designation'. Path: ''
METADATA_ERROR: Key 'team_contact' was not defined. Path: ''
METADATA_ERROR: Key 'team_experience' was not defined. Path: ''
METADATA_ERROR: Key 'model_output' was not defined. Path: ''
METADATA_ERROR: Key 'model_repo' was not defined. Path: ''
METADATA_ERROR: Key 'model_targets' was not defined. Path: ''
METADATA_ERROR: Key 'target_loc' was not defined. Path: ''
METADATA_ERROR: Key 'Time_horizon' was not defined. Path: ''
METADATA_ERROR: Key 'Data_format' was not defined. Path: ''
METADATA_ERROR: Key 'forecast_startdate' was not defined. Path: ''
METADATA_ERROR: Key 'forecast_frequency' was not defined. Path: ''
METADATA_ERROR: Key 'data_inputs_known' was not defined. Path: ''
METADATA_ERROR: Key 'data_source_known' was not defined. Path: ''
METADATA_ERROR: Key 'this_model_is_unconditional' was not defined. Path: ''
METADATA_ERROR: Type 'scalar' has size of '295', greater than max limit '200'. Path: '/methods'

* ERROR IN  ./data-processed/Geneva-DeterministicGrowth/
METADATA_ERROR: Cannot find required key 'website_url'. Path: ''
METADATA_ERROR: Cannot find required key 'license'. Path: ''
METADATA_ERROR: Cannot find required key 'team_model_designation'. Path: ''
METADATA_ERROR: Key 'team_experience' was not defined. Path: ''
METADATA_ERROR: Type 'scalar' has size of '19', greater than max limit '15'. Path: '/model_abbr'
METADATA_ERROR: Key 'model_output' was not defined. Path: ''
METADATA_ERROR: Key 'model_repo' was not defined. Path: ''
METADATA_ERROR: Key 'model_targets' was not defined. Path: ''
METADATA_ERROR: Key 'target_loc' was not defined. Path: ''
METADATA_ERROR: Key 'Data_format' was not defined. Path: ''
METADATA_ERROR: Key 'forecast_startdate' was not defined. Path: ''
METADATA_ERROR: Key 'forecast_frequency' was not defined. Path: ''
METADATA_ERROR: Key 'data_inputs_known' was not defined. Path: ''
METADATA_ERROR: Key 'data_source_known' was not defined. Path: ''
METADATA_ERROR: Key 'this_model_is_unconditional' was not defined. Path: ''
METADATA_ERROR: Type 'scalar' has size of '323', greater than max limit '200'. Path: '/methods'

* ERROR IN  ./data-processed/UMass-ExpertCrowd/
METADATA_ERROR: Cannot find required key 'website_url'. Path: ''
METADATA_ERROR: Cannot find required key 'license'. Path: ''
METADATA_ERROR: Cannot find required key 'team_model_designation'. Path: ''
METADATA_ERROR: Key 'team_experience' was not defined. Path: ''
METADATA_ERROR: Key 'model_output' was not defined. Path: ''
METADATA_ERROR: Key 'model_repo' was not defined. Path: ''
METADATA_ERROR: Key 'Model_targets' was not defined. Path: ''
METADATA_ERROR: Key 'Target_loc' was not defined. Path: ''
METADATA_ERROR: Key 'time_horizon' was not defined. Path: ''
METADATA_ERROR: Key 'Data_format' was not defined. Path: ''
METADATA_ERROR: Key 'forecast_startdate' was not defined. Path: ''
METADATA_ERROR: Key 'forecast_frequency' was not defined. Path: ''
METADATA_ERROR: Key 'data_inputs_known' was not defined. Path: ''
METADATA_ERROR: Key 'data_source_known' was not defined. Path: ''
METADATA_ERROR: Key 'this_model_is_unconditional' was not defined. Path: ''

* ERROR IN  ./data-processed/MOBS_NEU-GLEAM_COVID/
METADATA_ERROR: Cannot find required key 'website_url'. Path: ''
METADATA_ERROR: Cannot find required key 'license'. Path: ''
METADATA_ERROR: Cannot find required key 'team_model_designation'. Path: ''
METADATA_ERROR: Key 'team_experience' was not defined. Path: ''
METADATA_ERROR: Key 'model_output' was not defined. Path: ''
METADATA_ERROR: Key 'model_repo' was not defined. Path: ''
METADATA_ERROR: Key 'Model_targets' was not defined. Path: ''
METADATA_ERROR: Key 'Target_loc' was not defined. Path: ''
METADATA_ERROR: Key 'Time_horizon' was not defined. Path: ''
METADATA_ERROR: Key 'Data_format' was not defined. Path: ''
METADATA_ERROR: Key 'forecast_frequency' was not defined. Path: ''
METADATA_ERROR: Key 'data_inputs_known' was not defined. Path: ''
METADATA_ERROR: Key 'data_source_known' was not defined. Path: ''
METADATA_ERROR: Key 'this_model_is_unconditional' was not defined. Path: ''

* ERROR IN  ./data-processed/UMass-MechBayes/
METADATA_ERROR: Cannot find required key 'website_url'. Path: ''
METADATA_ERROR: Cannot find required key 'license'. Path: ''
METADATA_ERROR: Cannot find required key 'team_model_designation'. Path: ''
METADATA_ERROR: Key 'team_contact' was not defined. Path: ''
METADATA_ERROR: Key 'team_experience' was not defined. Path: ''
METADATA_ERROR: Key 'model_output' was not defined. Path: ''
METADATA_ERROR: Key 'model_repo' was not defined. Path: ''
METADATA_ERROR: Key 'model_targets' was not defined. Path: ''
METADATA_ERROR: Key 'Target_loc' was not defined. Path: ''
METADATA_ERROR: Key 'Time_horizon' was not defined. Path: ''
METADATA_ERROR: Key 'Data_format' was not defined. Path: ''
METADATA_ERROR: Key 'forecast_startdate' was not defined. Path: ''
METADATA_ERROR: Key 'forecast_frequency' was not defined. Path: ''
METADATA_ERROR: Key 'data_inputs_known' was not defined. Path: ''
METADATA_ERROR: Key 'data_source_known' was not defined. Path: ''
METADATA_ERROR: Key 'this_model_is_unconditional' was not defined. Path: ''

* ERROR IN  ./data-processed/CU-80contact/
METADATA_ERROR: Cannot find required key 'website_url'. Path: ''
METADATA_ERROR: Cannot find required key 'license'. Path: ''
METADATA_ERROR: Cannot find required key 'team_model_designation'. Path: ''
METADATA_ERROR: Key 'team_contact' was not defined. Path: ''
METADATA_ERROR: Key 'team_experience' was not defined. Path: ''
METADATA_ERROR: Key 'model_output' was not defined. Path: ''
METADATA_ERROR: Key 'model_repo' was not defined. Path: ''
METADATA_ERROR: Key 'model_targets' was not defined. Path: ''
METADATA_ERROR: Key 'target_loc' was not defined. Path: ''
METADATA_ERROR: Key 'Time_horizon' was not defined. Path: ''
METADATA_ERROR: Key 'Data_format' was not defined. Path: ''
METADATA_ERROR: Key 'forecast_startdate' was not defined. Path: ''
METADATA_ERROR: Key 'forecast_frequency' was not defined. Path: ''
METADATA_ERROR: Key 'data_inputs_known' was not defined. Path: ''
METADATA_ERROR: Key 'data_source_known' was not defined. Path: ''
METADATA_ERROR: Key 'this_model_is_unconditional' was not defined. Path: ''
METADATA_ERROR: Type 'scalar' has size of '291', greater than max limit '200'. Path: '/methods'
METADATA_ERROR: Key 'Citation' was not defined. Path: ''

* ERROR IN  ./data-processed/MIT_CovidAnalytics-DELPHI/
METADATA_ERROR: Cannot find required key 'website_url'. Path: ''
METADATA_ERROR: Cannot find required key 'license'. Path: ''
METADATA_ERROR: Cannot find required key 'team_model_designation'. Path: ''
METADATA_ERROR: Key 'team_experience' was not defined. Path: ''
METADATA_ERROR: Key 'model_output' was not defined. Path: ''
METADATA_ERROR: Key 'model_repo' was not defined. Path: ''
METADATA_ERROR: Key 'Model_targets' was not defined. Path: ''
METADATA_ERROR: Key 'Target_loc' was not defined. Path: ''
METADATA_ERROR: Key 'Time_horizon' was not defined. Path: ''
METADATA_ERROR: Key 'Data_format' was not defined. Path: ''
METADATA_ERROR: Key 'forecast_frequency' was not defined. Path: ''
METADATA_ERROR: Key 'data_inputs_known' was not defined. Path: ''
METADATA_ERROR: Key 'data_source_known' was not defined. Path: ''
METADATA_ERROR: Key 'this_model_is_unconditional' was not defined. Path: ''
METADATA_ERROR: Type 'scalar' has size of '258', greater than max limit '200'. Path: '/methods'

* ERROR IN  ./data-processed/GT_CHHS-COVID19/
METADATA_ERROR: Cannot find required key 'website_url'. Path: ''
METADATA_ERROR: Cannot find required key 'license'. Path: ''
METADATA_ERROR: Cannot find required key 'team_model_designation'. Path: ''
METADATA_ERROR: Key 'team_experience' was not defined. Path: ''
METADATA_ERROR: Key 'model_output' was not defined. Path: ''
METADATA_ERROR: Key 'model_repo' was not defined. Path: ''
METADATA_ERROR: Key 'Model_targets' was not defined. Path: ''
METADATA_ERROR: Key 'Target_loc' was not defined. Path: ''
METADATA_ERROR: Key 'time_horizon' was not defined. Path: ''
METADATA_ERROR: Key 'Data_format' was not defined. Path: ''
METADATA_ERROR: Key 'forecast_startdate' was not defined. Path: ''
METADATA_ERROR: Key 'forecast_frequency' was not defined. Path: ''
METADATA_ERROR: Key 'data_inputs_known' was not defined. Path: ''
METADATA_ERROR: Key 'data_source_known' was not defined. Path: ''
METADATA_ERROR: Key 'this_model_is_unconditional' was not defined. Path: ''

* ERROR IN  ./data-processed/CU-select/
METADATA_ERROR: Cannot find required key 'website_url'. Path: ''
METADATA_ERROR: Cannot find required key 'license'. Path: ''
METADATA_ERROR: Cannot find required key 'team_model_designation'. Path: ''
METADATA_ERROR: Key 'team_contact' was not defined. Path: ''
METADATA_ERROR: Key 'team_experience' was not defined. Path: ''
METADATA_ERROR: Key 'model_output' was not defined. Path: ''
METADATA_ERROR: Key 'model_repo' was not defined. Path: ''
METADATA_ERROR: Key 'model_targets' was not defined. Path: ''
METADATA_ERROR: Key 'target_loc' was not defined. Path: ''
METADATA_ERROR: Key 'Time_horizon' was not defined. Path: ''
METADATA_ERROR: Key 'Data_format' was not defined. Path: ''
METADATA_ERROR: Key 'forecast_startdate' was not defined. Path: ''
METADATA_ERROR: Key 'forecast_frequency' was not defined. Path: ''
METADATA_ERROR: Key 'data_inputs_known' was not defined. Path: ''
METADATA_ERROR: Key 'data_source_known' was not defined. Path: ''
METADATA_ERROR: Key 'this_model_is_unconditional' was not defined. Path: ''
METADATA_ERROR: Type 'scalar' has size of '402', greater than max limit '200'. Path: '/methods'
METADATA_ERROR: Key 'Citation' was not defined. Path: ''

* ERROR IN  ./data-processed/PSI-DRAFT/
METADATA_ERROR: Cannot find required key 'website_url'. Path: ''

✗ metadata error found in 27 files. Error details are above.

✓ no data errors
